// Jest Snapshot v1, https://goo.gl/fbAQLP

exports[`Home: Component should render correctly 1`] = `
<homestyles__Container>
  <FormattedMessage
    defaultMessage="Homepage"
    id="home.pageTitle"
    values={Object {}}
  >
    <Component />
  </FormattedMessage>
  <typography__H1>
    <FormattedMessage
      defaultMessage="Hello World!"
      id="home.welcome"
      values={Object {}}
    />
  </typography__H1>
  <homestyles__IconsContainer>
    Example images usage:
    <homestyles__Img
      alt=""
      src="logo.png"
    />
    <LogoSVG
      style={
        Object {
          "width": "25px",
        }
      }
      viewBox="0 0 106 134"
      xmlns="http://www.w3.org/2000/svg"
    />
  </homestyles__IconsContainer>
</homestyles__Container>
`;
