// Jest Snapshot v1, https://goo.gl/fbAQLP

exports[`Home: Component should render correctly 1`] = `
<homestyles__Container>
  <SideEffect(Head)>
    <title
      key="title"
    >
      Homepage
    </title>
  </SideEffect(Head)>
  Homepage
  <homestyles__Img
    alt=""
    src="logo.png"
  />
  <LogoSVG
    style={
      Object {
        "width": "100px",
      }
    }
    viewBox="0 0 106 134"
    xmlns="http://www.w3.org/2000/svg"
  />
</homestyles__Container>
`;
